ARG REPO=mcr.microsoft.com/dotnet/runtime

# Installer image
FROM amd64/buildpack-deps:trixie-curl AS installer

# Retrieve ASP.NET Core
RUN aspnetcore_version=0.0.0 \
<<<<<<< HEAD
    && curl --fail --show-error --location \
        --remote-name https://builds.dotnet.microsoft.com/dotnet/aspnetcore/Runtime/$aspnetcore_version/aspnetcore-runtime-$aspnetcore_version-linux-x64.tar.gz \
        --remote-name https://builds.dotnet.microsoft.com/dotnet/checksums/$aspnetcore_version-sha.txt \
    && sed -i 's/\r$//' $aspnetcore_version-sha.txt \
    && sha512sum -c $aspnetcore_version-sha.txt --ignore-missing \
=======
    && aspnetcore_build_version=$aspnetcore_version \
    && curl --header "Authorization: Bearer $ACCESSTOKEN" --header "x-ms-version: 2017-11-09" --fail --show-error --location \
        --remote-name https://dotnetstage.blob.core.windows.net/aspnetcore/Runtime/$aspnetcore_build_version/aspnetcore-runtime-$aspnetcore_build_version-linux-x64.tar.gz \
        --remote-name https://dotnetstage.blob.core.windows.net/aspnetcore/Runtime/$aspnetcore_build_version/aspnetcore-runtime-$aspnetcore_build_version-linux-x64.tar.gz.sha512 \
    && echo "$(cat aspnetcore-runtime-$aspnetcore_build_version-linux-x64.tar.gz.sha512)  aspnetcore-runtime-$aspnetcore_build_version-linux-x64.tar.gz" | sha512sum -c - \
>>>>>>> e3a0bec7d (Fix internal download URLs for stable product versions (#6520))
    && mkdir --parents /dotnet \
    && tar --gzip --extract --no-same-owner --file aspnetcore-runtime-$aspnetcore_build_version-linux-x64.tar.gz --directory /dotnet ./shared/Microsoft.AspNetCore.App \
    && rm \
<<<<<<< HEAD
        aspnetcore-runtime-$aspnetcore_version-linux-x64.tar.gz \
        $aspnetcore_version-sha.txt
=======
        aspnetcore-runtime-$aspnetcore_build_version-linux-x64.tar.gz \
        aspnetcore-runtime-$aspnetcore_build_version-linux-x64.tar.gz.sha512
>>>>>>> e3a0bec7d (Fix internal download URLs for stable product versions (#6520))


# ASP.NET Core image
FROM $REPO:0.0.0-trixie-slim-amd64

# ASP.NET Core version
ENV ASPNET_VERSION=0.0.0

COPY --from=installer ["/dotnet", "/usr/share/dotnet"]
